解码成功段 1878
规则 R: 160 人 · 多件 50
规则 L: 210 人 · 多件 134
规则 L2: 229 人 · 多件 156
规则 LR: 226 人 · 多件 140
规则 LR2: 232 人 · 多件 157
规则 RM3: 232 人 · 多件 62
规则 U: 291 人 · 多件 91
V0 旧表（lit 众数 + 全局槽位）: 说话镜 59725 · 屏上无立绘 9383 (15.71%) · 说话人不可见 18321 (30.68%) · 同族双件同屏 233
RM3+仲裁 众数件不受否决 + 就地仲裁: 说话镜 59725 · 屏上无立绘 6834 (11.44%) · 说话人不可见 10292 (17.23%) · 同族双件同屏 216
U+仲裁 上界：再并旧表件 + 就地仲裁: 说话镜 59725 · 屏上无立绘 5686 (9.52%) · 说话人不可见 8533 (14.29%) · 同族双件同屏 219
L+仲裁 密 lit 票（每人全部过门件）+ 就地仲裁: 说话镜 59725 · 屏上无立绘 8560 (14.33%) · 说话人不可见 13746 (23.02%) · 同族双件同屏 122
LR+仲裁 密 lit 票 ∪ 严格 reveal + 就地仲裁: 说话镜 59725 · 屏上无立绘 6112 (10.23%) · 说话人不可见 8760 (14.67%) · 同族双件同屏 133
LR2+严仲裁 亮票不设暗率门 ∪ 严格 reveal: 说话镜 59725 · 屏上无立绘 4879 (8.17%) · 说话人不可见 6425 (10.76%) · 同族双件同屏 114
LR+严仲裁 密 want 集，但槽位身份只认严格 reveal: 说话镜 59725 · 屏上无立绘 6115 (10.24%) · 说话人不可见 8871 (14.85%) · 同族双件同屏 133
RM3+仲裁: 按「屏上无立绘」变好 418 段 / 变差 138 段
   变差: 22child_03 2→6 | 22child_04 1→2 | 22child_05 4→33 | 22fool_centaureissi 1→3 | 22fool_delacey 1→4 | 22fool_end 54→77 | 22fool_florence 3→4 | 22fool_gin 3→4 | 22fool_hatsuchiri 2→5 | 22fool_haze 2→3 | 22fool_hubble 1→4 | 22fool_kuro 1→4
U+仲裁: 按「屏上无立绘」变好 457 段 / 变差 10 段
   变差: 23carnival_00 5→18 | 23sg_a00_2 2→9 | 23sg_bs03_1 0→1 | 23summer_s04 9→27 | 23winter_s07 2→6 | cpt_bonneville_00_01 0→1 | cpt_clukay_02_03 5→6 | cpt_dupin_04_02 0→1 | cpt_undline_03_03 0→1 | cpt_yelena_03_02 1→3
L+仲裁: 按「屏上无立绘」变好 363 段 / 变差 226 段
   变差: 1year_prologue 2→9 | 22child_03 2→6 | 22child_04 1→2 | 22child_05 4→38 | 22fool_centaureissi 1→3 | 22fool_delacey 1→4 | 22fool_end 54→65 | 22fool_florence 3→4 | 22fool_gin 3→4 | 22fool_hatsuchiri 2→5 | 22fool_haze 2→3 | 22fool_hubble 1→4
LR+仲裁: 按「屏上无立绘」变好 487 段 / 变差 127 段
   变差: 22child_03 2→6 | 22child_04 1→2 | 22child_05 4→33 | 22fool_centaureissi 1→3 | 22fool_delacey 1→4 | 22fool_end 54→65 | 22fool_florence 3→4 | 22fool_gin 3→4 | 22fool_hatsuchiri 2→5 | 22fool_haze 2→3 | 22fool_hubble 1→4 | 22fool_kuro 1→4
LR+严仲裁: 按「屏上无立绘」变好 481 段 / 变差 127 段
   变差: 22child_03 2→6 | 22child_04 1→2 | 22child_05 4→33 | 22fool_centaureissi 1→3 | 22fool_delacey 1→4 | 22fool_end 54→65 | 22fool_florence 3→4 | 22fool_gin 3→4 | 22fool_hatsuchiri 2→5 | 22fool_haze 2→3 | 22fool_hubble 1→4 | 22fool_kuro 1→4
LR2+严仲裁: 按「屏上无立绘」变好 566 段 / 变差 72 段
   变差: 22child_03 2→6 | 22child_04 1→2 | 22child_05 4→33 | 22fool_centaureissi 1→3 | 22fool_delacey 1→4 | 22fool_florence 3→4 | 22fool_gin 3→4 | 22fool_hatsuchiri 2→4 | 22fool_haze 2→3 | 22fool_hubble 1→4 | 22fool_kuro 1→4 | 22fool_python 1→5
  22child_02: V0 {"speak":62,"m1":62,"m2":62,"dual":0} → RM3 {"speak":62,"m1":4,"m2":4,"dual":0} → LR严 {"speak":62,"m1":4,"m2":4,"dual":0} → LR2严 {"speak":62,"m1":4,"m2":4,"dual":0}
  cpt_olivia_00: V0 {"speak":230,"m1":52,"m2":163,"dual":0} → RM3 {"speak":230,"m1":23,"m2":69,"dual":0} → LR严 {"speak":230,"m1":18,"m2":52,"dual":0} → LR2严 {"speak":230,"m1":18,"m2":52,"dual":0}
  23summer_s03: V0 {"speak":155,"m1":33,"m2":142,"dual":0} → RM3 {"speak":155,"m1":10,"m2":35,"dual":0} → LR严 {"speak":155,"m1":7,"m2":13,"dual":0} → LR2严 {"speak":155,"m1":7,"m2":13,"dual":0}
  cpt_inola_01: V0 {"speak":76,"m1":25,"m2":76,"dual":0} → RM3 {"speak":76,"m1":0,"m2":0,"dual":0} → LR严 {"speak":76,"m1":0,"m2":0,"dual":0} → LR2严 {"speak":76,"m1":0,"m2":0,"dual":0}
  end_00: V0 {"speak":164,"m1":55,"m2":90,"dual":0} → RM3 {"speak":164,"m1":9,"m2":21,"dual":0} → LR严 {"speak":164,"m1":4,"m2":20,"dual":0} → LR2严 {"speak":164,"m1":2,"m2":18,"dual":0}
