test-assets.mjs        exit=0
test-audio.mjs         exit=0
test-avg-e2e.mjs       exit=0
test-avgcfg.mjs        exit=0
test-doc.mjs           exit=0
test-editor.mjs        exit=0
test-fadeadvice.mjs    exit=0
test-gamefold.mjs      exit=0
test-gameplay.mjs      exit=0
test-io.mjs            exit=0
test-markup.mjs        exit=0
test-play.mjs          exit=0
test-repo-index.mjs    exit=0
test-script.mjs        exit=0
test-seek.mjs          exit=0
test-skeleton.mjs      exit=0
test-sprite.mjs        exit=0
test-storylib.mjs      exit=0
test-style.mjs         exit=0
test-zip.mjs           exit=0
MATRIX DONE
